#
# There is insufficient memory for the Java Runtime Environment to continue.
# Native memory allocation (mmap) failed to map 134217728 bytes. Error detail: G1 virtual space
# Possible reasons:
#   The system is out of physical RAM or swap space
#   This process is running with CompressedOops enabled, and the Java Heap may be blocking the growth of the native heap
# Possible solutions:
#   Reduce memory load on the system
#   Increase physical memory or swap space
#   Check if swap backing store is full
#   Decrease Java heap size (-Xmx/-Xms)
#   Decrease number of Java threads
#   Decrease Java thread stack sizes (-Xss)
#   Set larger code cache with -XX:ReservedCodeCacheSize=
#   JVM is running with Unscaled Compressed Oops mode in which the Java heap is
#     placed in the first 4GB address space. The Java Heap base address is the
#     maximum limit for the native heap growth. Please use -XX:HeapBaseMinAddress
#     to set the Java Heap base and to place the Java Heap above 4GB virtual address.
# This output file may be truncated or incomplete.
#
#  Out of Memory Error (os_windows.cpp:3703), pid=20260, tid=17496
#
# JRE version:  (23.0.1+11) (build )
# Java VM: Java HotSpot(TM) 64-Bit Server VM (23.0.1+11-39, mixed mode, sharing, tiered, compressed oops, compressed class ptrs, g1 gc, windows-amd64)
# No core dump will be written. Minidumps are not enabled by default on client versions of Windows
#

---------------  S U M M A R Y ------------

Command Line: --enable-preview com.jrq.jrqpos.frmLogin

Host: Intel(R) Core(TM) i7-8565U CPU @ 1.80GHz, 8 cores, 7G,  Windows 11 , 64 bit Build 26100 (10.0.26100.2454)
Time: Sun Jan 19 19:03:42 2025 Malay Peninsula Standard Time elapsed time: 2.090577 seconds (0d 0h 0m 2s)

---------------  T H R E A D  ---------------

Current thread (0x000001c67acc45a0):  JavaThread "Unknown thread" [_thread_in_vm, id=17496, stack(0x0000006365100000,0x0000006365200000) (1024K)]

Stack: [0x0000006365100000,0x0000006365200000]
Native frames: (J=compiled Java code, j=interpreted, Vv=VM code, C=native code)
V  [jvm.dll+0x6e08b9]  (no source info available)
V  [jvm.dll+0x87dc83]  (no source info available)
V  [jvm.dll+0x88010e]  (no source info available)
V  [jvm.dll+0x8807e3]  (no source info available)
V  [jvm.dll+0x27aee6]  (no source info available)
V  [jvm.dll+0x6dd1c5]  (no source info available)
V  [jvm.dll+0x6d104a]  (no source info available)
V  [jvm.dll+0x35b3ea]  (no source info available)
V  [jvm.dll+0x3637f6]  (no source info available)
V  [jvm.dll+0x34fd5e]  (no source info available)
V  [jvm.dll+0x34fff8]  (no source info available)
V  [jvm.dll+0x3289cc]  (no source info available)
V  [jvm.dll+0x32966e]  (no source info available)
V  [jvm.dll+0x844355]  (no source info available)
V  [jvm.dll+0x3b9848]  (no source info available)
V  [jvm.dll+0x82d14c]  (no source info available)
V  [jvm.dll+0x454d4e]  (no source info available)
V  [jvm.dll+0x456bd1]  (no source info available)
C  [jli.dll+0x52a3]  (no source info available)
C  [ucrtbase.dll+0x14ea0]  (no source info available)
C  [KERNEL32.DLL+0x2e8d7]  (no source info available)
C  [ntdll.dll+0xdfbcc]  (no source info available)

Lock stack of current Java thread (top to bottom):


---------------  P R O C E S S  ---------------

Threads class SMR info:
_java_thread_list=0x00007ffe25303618, length=0, elements={
}

Java Threads: ( => current thread )
Total: 0

Other Threads:
  0x000001c67d1e25e0 WorkerThread "GC Thread#0"                     [id=19232, stack(0x0000006365200000,0x0000006365300000) (1024K)]
  0x000001c67d1f9100 ConcurrentGCThread "G1 Main Marker"            [id=24116, stack(0x0000006365300000,0x0000006365400000) (1024K)]
  0x000001c67d1fa3b0 WorkerThread "G1 Conc#0"                       [id=2392, stack(0x0000006365400000,0x0000006365500000) (1024K)]

[error occurred during error reporting (printing all threads), id 0xc0000005, EXCEPTION_ACCESS_VIOLATION (0xc0000005) at pc=0x00007ffe24a4bfba]
VM state: not at safepoint (not fully initialized)

VM Mutex/Monitor currently owned by a thread:  ([mutex/lock_event])
[0x00007ffe25383a10] Heap_lock - owner thread: 0x000001c67acc45a0

Heap address: 0x0000000081c00000, size: 2020 MB, Compressed Oops mode: 32-bit

CDS archive(s) mapped at: [0x0000000000000000-0x0000000000000000-0x0000000000000000), size 0, SharedBaseAddress: 0x0000000800000000, ArchiveRelocationMode: 1.
Narrow klass base: 0x0000000000000000, Narrow klass shift: 0, Narrow klass range: 0x0

GC Precious Log:
 CardTable entry size: 512
 Card Set container configuration: InlinePtr #cards 5 size 8 Array Of Cards #cards 10 size 36 Howl #buckets 4 coarsen threshold 1843 Howl Bitmap #cards 512 size 80 coarsen threshold 460 Card regions per heap region 1 cards per card region 2048

Heap:
 garbage-first heap   total reserved 2068480K, committed 0K, used 0K [0x0000000081c00000, 0x0000000100000000)
  region size 1024K, 0 young (0K), 0 survivors (0K)

[error occurred during error reporting (printing heap information), id 0xc0000005, EXCEPTION_ACCESS_VIOLATION (0xc0000005) at pc=0x00007ffe24e4c3c9]
GC Heap History (0 events):
No events

Dll operation events (1 events):
Event: 0.019 Loaded shared library D:\Program Files\Java\jdk-23\bin\java.dll

Deoptimization events (0 events):
No events

Classes loaded (0 events):
No events

Classes unloaded (0 events):
No events

Classes redefined (0 events):
No events

Internal exceptions (0 events):
No events

VM Operations (0 events):
No events

Memory protections (0 events):
No events

Nmethod flushes (0 events):
No events

Events (0 events):
No events


Dynamic libraries:
0x00007ff74f6b0000 - 0x00007ff74f6c0000 	D:\Program Files\Java\jdk-23\bin\java.exe
0x00007ffe7f620000 - 0x00007ffe7f883000 	C:\WINDOWS\SYSTEM32\ntdll.dll
0x00007ffe7e9f0000 - 0x00007ffe7eab8000 	C:\WINDOWS\System32\KERNEL32.DLL
0x00007ffe7cf60000 - 0x00007ffe7d312000 	C:\WINDOWS\System32\KERNELBASE.dll
0x00007ffe7cce0000 - 0x00007ffe7ce2b000 	C:\WINDOWS\System32\ucrtbase.dll
0x00007ffe693b0000 - 0x00007ffe693c7000 	D:\Program Files\Java\jdk-23\bin\jli.dll
0x00007ffe6afe0000 - 0x00007ffe6affb000 	D:\Program Files\Java\jdk-23\bin\VCRUNTIME140.dll
0x00007ffe7f030000 - 0x00007ffe7f1f8000 	C:\WINDOWS\System32\USER32.dll
0x00007ffe61190000 - 0x00007ffe61420000 	C:\WINDOWS\WinSxS\amd64_microsoft.windows.common-controls_6595b64144ccf1df_6.0.26100.2454_none_3e0b68a2e331ad60\COMCTL32.dll
0x00007ffe7ca80000 - 0x00007ffe7caa7000 	C:\WINDOWS\System32\win32u.dll
0x00007ffe7df20000 - 0x00007ffe7dfc9000 	C:\WINDOWS\System32\msvcrt.dll
0x00007ffe7f4d0000 - 0x00007ffe7f4fa000 	C:\WINDOWS\System32\GDI32.dll
0x00007ffe7ce30000 - 0x00007ffe7cf5b000 	C:\WINDOWS\System32\gdi32full.dll
0x00007ffe7cab0000 - 0x00007ffe7cb53000 	C:\WINDOWS\System32\msvcp_win.dll
0x00007ffe7f280000 - 0x00007ffe7f2af000 	C:\WINDOWS\System32\IMM32.DLL
0x00007ffe6b1d0000 - 0x00007ffe6b1dc000 	D:\Program Files\Java\jdk-23\bin\vcruntime140_1.dll
0x00007ffe69e40000 - 0x00007ffe69ece000 	D:\Program Files\Java\jdk-23\bin\msvcp140.dll
0x00007ffe24710000 - 0x00007ffe2545f000 	D:\Program Files\Java\jdk-23\bin\server\jvm.dll
0x00007ffe7f320000 - 0x00007ffe7f3d4000 	C:\WINDOWS\System32\ADVAPI32.dll
0x00007ffe7e7a0000 - 0x00007ffe7e846000 	C:\WINDOWS\System32\sechost.dll
0x00007ffe7eea0000 - 0x00007ffe7efb6000 	C:\WINDOWS\System32\RPCRT4.dll
0x00007ffe7dea0000 - 0x00007ffe7df14000 	C:\WINDOWS\System32\WS2_32.dll
0x00007ffe7c160000 - 0x00007ffe7c1ae000 	C:\WINDOWS\SYSTEM32\POWRPROF.dll
0x00007ffe78a10000 - 0x00007ffe78a1b000 	C:\WINDOWS\SYSTEM32\VERSION.dll
0x00007ffe68810000 - 0x00007ffe68846000 	C:\WINDOWS\SYSTEM32\WINMM.dll
0x00007ffe7c140000 - 0x00007ffe7c154000 	C:\WINDOWS\SYSTEM32\UMPDC.dll
0x00007ffe7b800000 - 0x00007ffe7b81a000 	C:\WINDOWS\SYSTEM32\kernel.appcore.dll
0x00007ffe6a690000 - 0x00007ffe6a69a000 	D:\Program Files\Java\jdk-23\bin\jimage.dll
0x00007ffe7a300000 - 0x00007ffe7a541000 	C:\WINDOWS\SYSTEM32\DBGHELP.DLL
0x00007ffe7da80000 - 0x00007ffe7ddfe000 	C:\WINDOWS\System32\combase.dll
0x00007ffe7f500000 - 0x00007ffe7f5d6000 	C:\WINDOWS\System32\OLEAUT32.dll
0x00007ffe57ff0000 - 0x00007ffe58029000 	C:\WINDOWS\SYSTEM32\dbgcore.DLL
0x00007ffe7d320000 - 0x00007ffe7d3b9000 	C:\WINDOWS\System32\bcryptPrimitives.dll
0x00007ffe6a6a0000 - 0x00007ffe6a6be000 	D:\Program Files\Java\jdk-23\bin\java.dll
0x00007ffe7e850000 - 0x00007ffe7e9e9000 	C:\WINDOWS\System32\ole32.dll
0x00007ffe7dfd0000 - 0x00007ffe7e6d1000 	C:\WINDOWS\System32\SHELL32.dll

dbghelp: loaded successfully - version: 4.0.5 - missing functions: none
symbol engine: initialized successfully - sym options: 0x614 - pdb path: .;D:\Program Files\Java\jdk-23\bin;C:\WINDOWS\SYSTEM32;C:\WINDOWS\WinSxS\amd64_microsoft.windows.common-controls_6595b64144ccf1df_6.0.26100.2454_none_3e0b68a2e331ad60;D:\Program Files\Java\jdk-23\bin\server

VM Arguments:
jvm_args: --enable-preview 
java_command: com.jrq.jrqpos.frmLogin
java_class_path (initial): C:\Users\billy\OneDrive\Documents\NetBeansProjects\JRQPOS\target\classes;C:\Users\billy\.m2\repository\org\netbeans\external\AbsoluteLayout\RELEASE240\AbsoluteLayout-RELEASE240.jar;C:\Users\billy\.m2\repository\com\mysql\mysql-connector-j\9.1.0\mysql-connector-j-9.1.0.jar;C:\Users\billy\.m2\repository\com\google\protobuf\protobuf-java\4.26.1\protobuf-java-4.26.1.jar;C:\Users\billy\.m2\repository\commons-dbutils\commons-dbutils\1.7\commons-dbutils-1.7.jar;C:\Users\billy\.m2\repository\commons-beanutils\commons-beanutils\1.9.4\commons-beanutils-1.9.4.jar;C:\Users\billy\.m2\repository\commons-logging\commons-logging\1.2\commons-logging-1.2.jar;C:\Users\billy\.m2\repository\commons-collections\commons-collections\3.2.2\commons-collections-3.2.2.jar;C:\Users\billy\.m2\repository\net\proteanit\rs2xml\1.0\rs2xml-1.0.jar
Launcher Type: SUN_STANDARD

[Global flags]
     intx CICompilerCount                          = 4                                         {product} {ergonomic}
     uint ConcGCThreads                            = 2                                         {product} {ergonomic}
     uint G1ConcRefinementThreads                  = 8                                         {product} {ergonomic}
   size_t G1HeapRegionSize                         = 1048576                                   {product} {ergonomic}
   size_t InitialHeapSize                          = 134217728                                 {product} {ergonomic}
   size_t MarkStackSize                            = 4194304                                   {product} {ergonomic}
   size_t MarkStackSizeMax                         = 536870912                                 {product} {ergonomic}
   size_t MaxHeapSize                              = 2118123520                                {product} {ergonomic}
   size_t MinHeapDeltaBytes                        = 1048576                                   {product} {ergonomic}
   size_t MinHeapSize                              = 8388608                                   {product} {ergonomic}
    uintx NonNMethodCodeHeapSize                   = 5832704                                {pd product} {ergonomic}
    uintx NonProfiledCodeHeapSize                  = 122945536                              {pd product} {ergonomic}
    uintx ProfiledCodeHeapSize                     = 122880000                              {pd product} {ergonomic}
    uintx ReservedCodeCacheSize                    = 251658240                              {pd product} {ergonomic}
     bool SegmentedCodeCache                       = true                                      {product} {ergonomic}
   size_t SoftMaxHeapSize                          = 2118123520                             {manageable} {ergonomic}
     bool UseCompressedOops                        = true                           {product lp64_product} {ergonomic}
     bool UseG1GC                                  = true                                      {product} {ergonomic}
     bool UseLargePagesIndividualAllocation        = false                                  {pd product} {ergonomic}

Logging:
Log output configuration:
 #0: stdout all=warning uptime,level,tags foldmultilines=false
 #1: stderr all=off uptime,level,tags foldmultilines=false

Environment Variables:
JAVA_HOME=D:\Program Files\Java\jdk-23
PATH=C:\Program Files\Common Files\Oracle\Java\javapath;C:\windows\system32;C:\windows;C:\windows\System32\Wbem;C:\windows\System32\WindowsPowerShell\v1.0\;C:\windows\System32\OpenSSH\;C:\Program Files (x86)\NVIDIA Corporation\PhysX\Common;C:\Program Files\NVIDIA Corporation\NVIDIA NvDLISR;C:\WINDOWS\system32;C:\WINDOWS;C:\WINDOWS\System32\Wbem;C:\WINDOWS\System32\WindowsPowerShell\v1.0\;C:\WINDOWS\System32\OpenSSH\;C:\Program Files\dotnet\;C:\Program Files\HP\HP One Agent;D:\Program Files\Amazon\AWSCLIV2\;D:\Program Files\PuTTY\;C:\WINDOWS\system32;C:\WINDOWS;C:\WINDOWS\System32\Wbem;C:\WINDOWS\System32\WindowsPowerShell\v1.0\;C:\WINDOWS\System32\OpenSSH\;C:\Users\billy\Downloads\apache-maven-4.0.0-rc-1\bin;C:\Program Files\Git\cmd;C:\Program Files\Git\bin;C:\Program Files\Docker\Docker\resources\bin;D:\Program Files\Java\jdk-23\bin;C:\Users\billy\AppData\Local\Microsoft\WindowsApps;C:\Users\billy\AppData\Local\GitHubDesktop\bin
USERNAME=billy
OS=Windows_NT
PROCESSOR_IDENTIFIER=Intel64 Family 6 Model 142 Stepping 11, GenuineIntel
TMP=C:\Users\billy\AppData\Local\Temp
TEMP=C:\Users\billy\AppData\Local\Temp




Periodic native trim disabled

---------------  S Y S T E M  ---------------

OS:
 Windows 11 , 64 bit Build 26100 (10.0.26100.2454)
OS uptime: 0 days 2:30 hours
Hyper-V role detected

CPU: total 8 (initial active 8) (4 cores per cpu, 2 threads per core) family 6 model 142 stepping 11 microcode 0xf6, cx8, cmov, fxsr, ht, mmx, 3dnowpref, sse, sse2, sse3, ssse3, sse4.1, sse4.2, popcnt, lzcnt, tsc, tscinvbit, avx, avx2, aes, erms, clmul, bmi1, bmi2, adx, fma, vzeroupper, clflush, clflushopt, hv, rdtscp, f16c
Processor Information for the first 8 processors :
  Max Mhz: 1992, Current Mhz: 1792, Mhz Limit: 1792

Memory: 4k page, system-wide physical 8073M (906M free)
TotalPageFile size 23174M (AvailPageFile size 82M)
current process WorkingSet (physical memory assigned to process): 13M, peak: 13M
current process commit charge ("private bytes"): 60M, peak: 188M

vm_info: Java HotSpot(TM) 64-Bit Server VM (23.0.1+11-39) for windows-amd64 JRE (23.0.1+11-39), built on 2024-09-30T07:20:43Z with MS VC++ 17.6 (VS2022)

END.
